spy.us,SPY,8431,1993-01-29,2026-07-29,ok
qqq.us,QQQ,6889,1999-03-10,2026-07-29,ok
iwm.us,IWM,6581,2000-05-26,2026-07-29,ok
dia.us,DIA,7175,1998-01-20,2026-07-29,ok
efa.us,EFA,6266,2001-08-27,2026-07-29,ok
eem.us,EEM,5860,2003-04-14,2026-07-29,ok
spx,^GSPC,24760,1927-12-30,2026-07-29,ok
ndx,^NDX,10285,1985-10-01,2026-07-29,ok
tlt.us,TLT,6038,2002-07-30,2026-07-29,ok
ief.us,IEF,6038,2002-07-30,2026-07-29,ok
shy.us,SHY,6038,2002-07-30,2026-07-29,ok
agg.us,AGG,5744,2003-09-29,2026-07-29,ok
lqd.us,LQD,6038,2002-07-30,2026-07-29,ok
hyg.us,HYG,4856,2007-04-11,2026-07-29,ok
xlk.us,XLK,6941,1998-12-22,2026-07-29,ok
xlf.us,XLF,6941,1998-12-22,2026-07-29,ok
xle.us,XLE,6941,1998-12-22,2026-07-29,ok
xlv.us,XLV,6941,1998-12-22,2026-07-29,ok
xli.us,XLI,6941,1998-12-22,2026-07-29,ok
xlp.us,XLP,6941,1998-12-22,2026-07-29,ok
xlu.us,XLU,6941,1998-12-22,2026-07-29,ok
xly.us,XLY,6941,1998-12-22,2026-07-29,ok
xlb.us,XLB,6941,1998-12-22,2026-07-29,ok
mtum.us,MTUM,3340,2013-04-18,2026-07-29,ok
vlue.us,VLUE,3340,2013-04-18,2026-07-29,ok
qual.us,QUAL,3277,2013-07-18,2026-07-29,ok
usmv.us,USMV,3713,2011-10-20,2026-07-29,ok
splv.us,SPLV,3830,2011-05-05,2026-07-29,ok
sphb.us,SPHB,3830,2011-05-05,2026-07-29,ok
ijs.us,IJS,6538,2000-07-28,2026-07-29,ok
vug.us,VUG,5659,2004-01-30,2026-07-29,ok
vtv.us,VTV,5659,2004-01-30,2026-07-29,ok
sso.us,SSO,5057,2006-06-21,2026-07-29,ok
upro.us,UPRO,4299,2009-06-25,2026-07-29,ok
gld.us,GLD,5456,2004-11-18,2026-07-29,ok
vnq.us,VNQ,5492,2004-09-29,2026-07-29,ok
rsp.us,RSP,5848,2003-05-01,2026-07-29,ok
vvix,^VVIX,4914,2007-01-03,2026-07-29,ok
svxy.us,SVXY,3725,2011-10-04,2026-07-29,ok
vixy.us,VIXY,3914,2011-01-04,2026-07-29,ok
vxz.us,VXZ,2138,2018-01-25,2026-07-29,ok
vixm.us,VIXM,3914,2011-01-04,2026-07-29,ok
smh.us,SMH,6576,2000-06-05,2026-07-29,ok
iyt.us,IYT,5678,2004-01-02,2026-07-29,ok
es.f,ES=F,6530,2000-09-18,2026-07-30,ok
nq.f,NQ=F,6530,2000-09-18,2026-07-30,ok
zn.f,ZN=F,6492,2000-09-21,2026-07-30,ok
gc.f,GC=F,6502,2000-08-30,2026-07-30,ok
cl.f,CL=F,6511,2000-08-23,2026-07-30,ok
HTTP Error 404: {"quoteSummary":{"result":null,"error":{"code":"Not Found","description":"Quote not found for symbol: DX=F"}}}
$DX=F: possibly delisted; no timezone found

1 Failed download:
['DX=F']: possibly delisted; no timezone found
dx.f,DX=F,EMPTY
si.f,SI=F,6504,2000-08-30,2026-07-30,ok
hg.f,HG=F,6507,2000-08-30,2026-07-30,ok
ewj.us,EWJ,7640,1996-03-18,2026-07-29,ok
ewg.us,EWG,7640,1996-03-18,2026-07-29,ok
ewu.us,EWU,7640,1996-03-18,2026-07-29,ok
ewq.us,EWQ,7640,1996-03-18,2026-07-29,ok
ewa.us,EWA,7640,1996-03-18,2026-07-29,ok
ewc.us,EWC,7640,1996-03-18,2026-07-29,ok
ewh.us,EWH,7640,1996-03-18,2026-07-29,ok
ews.us,EWS,7640,1996-03-18,2026-07-29,ok
eww.us,EWW,7640,1996-03-18,2026-07-29,ok
ewz.us,EWZ,6548,2000-07-14,2026-07-29,ok
fxi.us,FXI,5485,2004-10-08,2026-07-29,ok
ewt.us,EWT,6562,2000-06-23,2026-07-29,ok
ewy.us,EWY,6591,2000-05-12,2026-07-29,ok
ewl.us,EWL,7640,1996-03-18,2026-07-29,ok
ewp.us,EWP,7640,1996-03-18,2026-07-29,ok
ewi.us,EWI,7640,1996-03-18,2026-07-29,ok
ewd.us,EWD,7640,1996-03-18,2026-07-29,ok
ewn.us,EWN,7640,1996-03-18,2026-07-29,ok
ewo.us,EWO,7640,1996-03-18,2026-07-29,ok
ewk.us,EWK,7640,1996-03-18,2026-07-29,ok
eza.us,EZA,5905,2003-02-07,2026-07-29,ok
aapl.us,AAPL,11498,1980-12-12,2026-07-29,ok
msft.us,MSFT,10172,1986-03-13,2026-07-29,ok
ibm.us,IBM,16251,1962-01-02,2026-07-29,ok
ge.us,GE,16251,1962-01-02,2026-07-29,ok
ko.us,KO,16251,1962-01-02,2026-07-29,ok
pg.us,PG,16251,1962-01-02,2026-07-29,ok
jnj.us,JNJ,16251,1962-01-02,2026-07-29,ok
xom.us,XOM,16251,1962-01-02,2026-07-29,ok
cvx.us,CVX,16251,1962-01-02,2026-07-29,ok
wmt.us,WMT,13592,1972-08-25,2026-07-29,ok
jpm.us,JPM,11686,1980-03-17,2026-07-29,ok
bac.us,BAC,13472,1973-02-21,2026-07-29,ok
wfc.us,WFC,13652,1972-06-01,2026-07-29,ok
c.us,C,12495,1977-01-03,2026-07-29,ok
mrk.us,MRK,16251,1962-01-02,2026-07-29,ok
pfe.us,PFE,13652,1972-06-01,2026-07-29,ok
intc.us,INTC,11686,1980-03-17,2026-07-29,ok
csco.us,CSCO,9177,1990-02-16,2026-07-29,ok
orcl.us,ORCL,10173,1986-03-12,2026-07-29,ok
hd.us,HD,11303,1981-09-22,2026-07-29,ok
mcd.us,MCD,15116,1966-07-05,2026-07-29,ok
dis.us,DIS,16251,1962-01-02,2026-07-29,ok
ba.us,BA,16251,1962-01-02,2026-07-29,ok
cat.us,CAT,16251,1962-01-02,2026-07-29,ok
mmm.us,MMM,16251,1962-01-02,2026-07-29,ok
hon.us,HON,16251,1962-01-02,2026-07-29,ok
ups.us,UPS,6718,1999-11-10,2026-07-29,ok
fdx.us,FDX,12174,1978-04-12,2026-07-29,ok
nke.us,NKE,11506,1980-12-02,2026-07-29,ok
sbux.us,SBUX,8581,1992-06-26,2026-07-29,ok
txn.us,TXN,13652,1972-06-01,2026-07-29,ok
qcom.us,QCOM,8716,1991-12-13,2026-07-29,ok
amgn.us,AMGN,10863,1983-06-17,2026-07-29,ok
gild.us,GILD,8690,1992-01-22,2026-07-29,ok
adbe.us,ADBE,10066,1986-08-13,2026-07-29,ok
crm.us,CRM,5560,2004-06-23,2026-07-29,ok
nvda.us,NVDA,6921,1999-01-22,2026-07-29,ok
amd.us,AMD,11686,1980-03-17,2026-07-29,ok
mu.us,MU,10621,1984-06-01,2026-07-29,ok
t.us,T,10754,1983-11-21,2026-07-29,ok
vz.us,VZ,10754,1983-11-21,2026-07-29,ok
cmcsa.us,CMCSA,11686,1980-03-17,2026-07-29,ok
pep.us,PEP,13652,1972-06-01,2026-07-29,ok
cl.us,CL,13423,1973-05-02,2026-07-29,ok
kmb.us,KMB,11686,1980-03-17,2026-07-29,ok
mo.us,MO,16251,1962-01-02,2026-07-29,ok
abt.us,ABT,11686,1980-03-17,2026-07-29,ok
bmy.us,BMY,13652,1972-06-01,2026-07-29,ok
lly.us,LLY,13652,1972-06-01,2026-07-29,ok
unh.us,UNH,10525,1984-10-17,2026-07-29,ok
cvs.us,CVS,13472,1973-02-21,2026-07-29,ok
axp.us,AXP,13652,1972-06-01,2026-07-29,ok
gs.us,GS,6851,1999-05-04,2026-07-29,ok
ms.us,MS,8415,1993-02-23,2026-07-29,ok
usb.us,USB,13422,1973-05-03,2026-07-29,ok
pnc.us,PNC,12779,1975-11-17,2026-07-29,ok
tgt.us,TGT,13472,1973-02-21,2026-07-29,ok
low.us,LOW,11686,1980-03-17,2026-07-29,ok
cost.us,COST,10091,1986-07-09,2026-07-29,ok
emr.us,EMR,13652,1972-06-01,2026-07-29,ok
DONE ok=132 bad=1 cached=7
