spy.us,data/spy.us.csv,3,(async()=>{const c="AAAAAGpqrK5pX_TS9ld78KnSr6zD21nWuWyANulVgPVHHuSVTGRSUtW01rU",</script></body></html>,BAD
qqq.us,data/qqq.us.csv,3,(async()=>{const c="AAAAAGpqrKfw5b6cSTd_WDVboRXzL_WDuWyANjAjmqBZGOMrkwt2Kzf3fZ8",</script></body></html>,BAD
iwm.us,data/iwm.us.csv,3,(async()=>{const c="AAAAAGpqrLI4tup4nKsEobfetZi1CSr9uWyANizYPEfyxZ8wPSqkyst8zuQ",</script></body></html>,BAD
dia.us,data/dia.us.csv,3,(async()=>{const c="AAAAAGpqrLTeG4tXJLIeFU0B3fiAVmIBuWyANpOKLAVY-rBq9ZbkAelyN-g",</script></body></html>,BAD
efa.us,data/efa.us.csv,3,(async()=>{const c="AAAAAGpqrLbOrlQL347uk5LRvx3OJ4aKuWyANnzI-MdOKUhWr-rB78PqUYw",</script></body></html>,BAD
eem.us,data/eem.us.csv,3,(async()=>{const c="AAAAAGpqrLgEwb9eDEO2GmMfPGGC1yrtuWyANkTs2ez69otNH6d_gAoG-es",</script></body></html>,BAD
^spx,data/spx.csv,3,(async()=>{const c="AAAAAGpqrLr0LHU0Fq3W-7EXNEE2PyDBuWyANgxezGQ7WVNIjIMDLTco5Hg",</script></body></html>,BAD
^ndx,data/ndx.csv,3,(async()=>{const c="AAAAAGpqrL1_Q0R7JmfK9dnbfqyCk9oTuWyANhnyIjrTAIG4MFWacx115MI",</script></body></html>,BAD
tlt.us,data/tlt.us.csv,3,(async()=>{const c="AAAAAGpqrL8dWbyiPpwtU0-OqkUUt38-uWyANh7QilqhTzRhZRB-ysegyjk",</script></body></html>,BAD
ief.us,data/ief.us.csv,3,(async()=>{const c="AAAAAGpqrMHoeUzsKaRj5Z6R4ZGlpgXYuWyANhdPUKvwmeUhkYHTnrPJGJY",</script></body></html>,BAD
shy.us,data/shy.us.csv,3,(async()=>{const c="AAAAAGpqrMP9jcAWIa7NBDUSDxsDnbvNuWyANtkaBRYKsxe-qnjmjsQRazA",</script></body></html>,BAD
agg.us,data/agg.us.csv,3,(async()=>{const c="AAAAAGpqrMUpbOq2Zr-waQFir8QBoicLuWyANiYmoc2KvZeiLn-QyMqULqw",</script></body></html>,BAD
lqd.us,data/lqd.us.csv,3,(async()=>{const c="AAAAAGpqrMc7t-79Qv3BERKXThltowxiuWyANt3_byN7D8WLhmhxv91s0Cg",</script></body></html>,BAD
hyg.us,data/hyg.us.csv,3,(async()=>{const c="AAAAAGpqrMk0WmMWllJjpAuiDKMt1wy5uWyANgYQFKjUATTiNzxXIk6L9GE",</script></body></html>,BAD
xlk.us,data/xlk.us.csv,3,(async()=>{const c="AAAAAGpqrMsLjWN-QDTG4V0SN2ew596VuWyANrXvg2Cg2wk4GeyU0sbQKyE",</script></body></html>,BAD
xlf.us,data/xlf.us.csv,3,(async()=>{const c="AAAAAGpqrM1gD6XheiALCIQtf-PPF0N7uWyANqMYPRfUsDmtiMJv-lSLn0A",</script></body></html>,BAD
xle.us,data/xle.us.csv,3,(async()=>{const c="AAAAAGpqrM8dYQAiRC5mNkt5qYfQ3savuWyANuHXG-Gr1Qmixb5wGj07e1k",</script></body></html>,BAD
xlv.us,data/xlv.us.csv,3,(async()=>{const c="AAAAAGpqrNIB1KJZu-jRmlDnLVW0pN_IuWyANi-00KyZ01D4bwWnyAweITc",</script></body></html>,BAD
xli.us,data/xli.us.csv,3,(async()=>{const c="AAAAAGpqrNS6McIlFd_JYqkr7kA_AASXuWyANjGvEAE0Ht0m66oK2oex8SY",</script></body></html>,BAD
xlp.us,data/xlp.us.csv,3,(async()=>{const c="AAAAAGpqrNb6xL4LQWKU8NAwuOO6eocNuWyANhhgnnwoQLwtPHfFDLSID00",</script></body></html>,BAD
xlu.us,data/xlu.us.csv,3,(async()=>{const c="AAAAAGpqrNgg7AAJcGWIEmFpkf-T3_h5uWyANroArgdS-ZVbWIwZiT3FQlY",</script></body></html>,BAD
xly.us,data/xly.us.csv,3,(async()=>{const c="AAAAAGpqrNr6AksWVh6mnRiTePOgPvW4uWyANv6pAwkDR-FSQCE_DIUXoWA",</script></body></html>,BAD
xlb.us,data/xlb.us.csv,3,(async()=>{const c="AAAAAGpqrNzsAouSP8kOrckeeZ7IhvbUuWyANgi7dLQBf9RWJPZ8fc-f0iI",</script></body></html>,BAD
mtum.us,data/mtum.us.csv,3,(async()=>{const c="AAAAAGpqrN5Yg3Da2yZ2Od2c1L48ovStuWyANlWo3q8CwP3Yax97dgnPS5Q",</script></body></html>,BAD
vlue.us,data/vlue.us.csv,3,(async()=>{const c="AAAAAGpqrOCdgBrufopM689xbbscXsL5uWyANi2Mvmi8paCLj5vffj8YoFI",</script></body></html>,BAD
qual.us,data/qual.us.csv,3,(async()=>{const c="AAAAAGpqrOJA4wnFpH4vgT2glZOdhpoWuWyANrjg7_k3pqif7NsYy7C4F7k",</script></body></html>,BAD
usmv.us,data/usmv.us.csv,3,(async()=>{const c="AAAAAGpqrORWYrSZfDroSdImMhVs-TpvuWyANlj3mqqmODPgUzqQnjOnUks",</script></body></html>,BAD
splv.us,data/splv.us.csv,3,(async()=>{const c="AAAAAGpqrOavr8q0LoZoLT_b3xH4_1M8uWyANtccqM7GhrdwmhSpZ8eDgJE",</script></body></html>,BAD
sphb.us,data/sphb.us.csv,3,(async()=>{const c="AAAAAGpqrOiY_V9oTOt-1CXlD1P2UwFHuWyANneNmg3uxrY7DV2JZ_x7y0A",</script></body></html>,BAD
ijs.us,data/ijs.us.csv,3,(async()=>{const c="AAAAAGpqrOsNks3pVSt9GGWqGaWrXNWuuWyANjoezP7AJzGUqQ5REYJhPbI",</script></body></html>,BAD
vug.us,data/vug.us.csv,3,(async()=>{const c="AAAAAGpqrO1Qu5y0JJvAPbvvcB4UgWMuuWyANgxjfVILOGMVCrHDcLO2J68",</script></body></html>,BAD
vtv.us,data/vtv.us.csv,3,(async()=>{const c="AAAAAGpqrO92LRn_g7eG9H1ogJoRkRO1uWyANixnGpQ2XO8JhD9f1G2W9rc",</script></body></html>,BAD
sso.us,data/sso.us.csv,3,(async()=>{const c="AAAAAGpqrPEgEHZN6NAsz_ca81cxEPhzuWyANvuQ5ot9nky4RbIWF8WmPCc",</script></body></html>,BAD
upro.us,data/upro.us.csv,3,(async()=>{const c="AAAAAGpqrPOyPl3NcKvkI9KXjgdNM-2tuWyANkMlt72UvoRGoTYpRUOoT4Y",</script></body></html>,BAD
gld.us,data/gld.us.csv,3,(async()=>{const c="AAAAAGpqrPXbr0F95CLfZFveuboR5eKQuWyANvdBZqt-uFBT-vZY_kPNJUQ",</script></body></html>,BAD
vnq.us,data/vnq.us.csv,3,(async()=>{const c="AAAAAGpqrPf_kWA6IrId8EtLyerx7riFuWyANgbzS7rPlCEWA5CXqeM0YQs",</script></body></html>,BAD
^vix,data/vix.csv,3,(async()=>{const c="AAAAAGpqrPlGSH4-0dWp4iKDCSL0KkkbuWyANmCACNikOZa_-4GtcBh2lEA",</script></body></html>,BAD
vix.us,data/vix.us.csv,3,(async()=>{const c="AAAAAGpqrPu-go1PyatCyiotKJXSq7vNuWyANrt0SVxEffOAGIihddxTOBU",</script></body></html>,BAD
--- SPY first rows (adjustment check) ---
<!DOCTYPE html><html><head><meta charset="utf-8"><meta name="robots" content="noindex,nofollow"></head><body><noscript>This site requires JavaScript to verify your browser. Please enable JavaScript and reload.</noscript><script nonce="4VQvQxoK7-rxAdO-1_BWcA">
(async()=>{const c="AAAAAGpqrK5pX_TS9ld78KnSr6zD21nWuWyANulVgPVHHuSVTGRSUtW01rU",d=4,t="0".repeat(d),e=new TextEncoder;let n=0;while(1){const h=await crypto.subtle.digest("SHA-256",e.encode(c+n)),x=Array.from(new Uint8Array(h)).map(b=>b.toString(16).padStart(2,"0")).join("");if(x.startsWith(t))break;n++}const r=await fetch("/__verify",{method:"POST",headers:{"Content-Type":"application/x-www-form-urlencoded"},body:"c="+encodeURIComponent(c)+"&n="+n,credentials:"same-origin"});if(r.ok)location.reload()})();
</script></body></html>
--- SPY last row ---
</script></body></html>
