^put,data/put.csv,3,(async()=>{const c="AAAAAGpqrTIWuu4pxD6k7oDX_VNk-D7juWyANiWhaBp8IQsS0s4G_l9lqO4",</script></body></html>,BAD
^bxm,data/bxm.csv,3,(async()=>{const c="AAAAAGpqrTR3jVdAlAarwvwa3-_W8lfNuWyANubdRi3ud9EU6q0rBSgWHEQ",</script></body></html>,BAD
^bxy,data/bxy.csv,3,(async()=>{const c="AAAAAGpqrTYcJwppW6oBr-8MuNcA68ffuWyANu5s5qFqxrjNTNvT2dCI-1E",</script></body></html>,BAD
^cll,data/cll.csv,3,(async()=>{const c="AAAAAGpqrTjnXZKxcbSweujXlo443TZ1uWyANr9bHbbq_diwfNA2XySwD70",</script></body></html>,BAD
^cndr,data/cndr.csv,3,(async()=>{const c="AAAAAGpqrTquM6X4KFUDBsuEMO6aKUoiuWyANgFxQXA-PYDJmU_TRuKG7W0",</script></body></html>,BAD
^vix3m,data/vix3m.csv,3,(async()=>{const c="AAAAAGpqrTw2nGzjtXCk4PObbMSD28gquWyANuCrTlCfj9PGTPsijIUTBEE",</script></body></html>,BAD
^vvix,data/vvix.csv,3,(async()=>{const c="AAAAAGpqrT6JMwjI5P22q6g3uF1oyWj6uWyANjEATxq7tEMJq4LEzjQQ3jM",</script></body></html>,BAD
vxz.us,data/vxz.us.csv,3,(async()=>{const c="AAAAAGpqrUBplXu4XzsZ9gn9GdZ2WXPwuWyANgKdt7_QyfOLrqlhqOaIqqw",</script></body></html>,BAD
vixm.us,data/vixm.us.csv,3,(async()=>{const c="AAAAAGpqrUIHswGLfg59s_OnId4GJPDauWyANpwNkqR9zlnvckUsIlmnlPo",</script></body></html>,BAD
smh.us,data/smh.us.csv,3,(async()=>{const c="AAAAAGpqrUQQXvy4jXTQCEWV7sXlt4G2uWyANi5AWxJ2s3AuY2q1TOURKKg",</script></body></html>,BAD
iyt.us,data/iyt.us.csv,3,(async()=>{const c="AAAAAGpqrT35cnZ-npL_D7Q9-9JpzKmquWyANlaTGFKPCT_t7itDemUt7t4",</script></body></html>,BAD
es.f,data/es.f.csv,3,(async()=>{const c="AAAAAGpqrT-bWGifLme89pTDSuUWeFsmuWyANskMwodCatH30BMqrSS7f-w",</script></body></html>,BAD
nq.f,data/nq.f.csv,3,(async()=>{const c="AAAAAGpqrUHP5ZZEnjjJQsAPr7UjOe2uuWyANl1BQeFnIo7NvhfcgcL0PdI",</script></body></html>,BAD
ty.f,data/ty.f.csv,3,(async()=>{const c="AAAAAGpqrUQAM8Yov1ScylGmQ5lm03ovuWyANhrAHYAWs5utTqbhilLocfI",</script></body></html>,BAD
zn.f,data/zn.f.csv,3,(async()=>{const c="AAAAAGpqrUap7jNni6F3Wy1KpJvTIZS3uWyANgXenKq_F_tZrdcEG6zbmao",</script></body></html>,BAD
gc.f,data/gc.f.csv,3,(async()=>{const c="AAAAAGpqrUgKM7mLU5tNHMmlEbtXmjGcuWyANu_W9bWH2Z_EgtrF3jTZyC8",</script></body></html>,BAD
cl.f,data/cl.f.csv,3,(async()=>{const c="AAAAAGpqrUrdak91EkuGkFHvnHndOidauWyANhPMteJvtgMyFV8Q6PhMpEo",</script></body></html>,BAD
dx.f,data/dx.f.csv,3,(async()=>{const c="AAAAAGpqrUzRtH0r51axp1K2RJOpmCVjuWyANh-NM2C5mMHSZSIPurbLJAg",</script></body></html>,BAD
vx.f,data/vx.f.csv,3,(async()=>{const c="AAAAAGpqrU7ZDFC9jcBWDYwF0Jw-pnVyuWyANi_LXbbQBn-egd3lLWUN1q8",</script></body></html>,BAD
si.f,data/si.f.csv,3,(async()=>{const c="AAAAAGpqrVB-tj3wu9dhOG1u7oumypeeuWyANn6va6VgohAbcg8Yt9ueSrM",</script></body></html>,BAD
hg.f,data/hg.f.csv,3,(async()=>{const c="AAAAAGpqrVKT9HYHu0gJpDiA9FGQjz1VuWyANh-s9pxOX73SnT-HFoSzY9w",</script></body></html>,BAD
