rsp.us,data/rsp.us.csv,3,(async()=>{const c="AAAAAGpqrP9R95UtzxU-RPdM3IZbwnM-uWyANjHPCrqsBvi5P8AFQ74CXps",</script></body></html>,BAD
ewj.us,data/ewj.us.csv,3,(async()=>{const c="AAAAAGpqrQGyoN5bSTwmIHw120f0LdaruWyANkPT3j4lXgzaGDfy0CZ-BCM",</script></body></html>,BAD
ewg.us,data/ewg.us.csv,3,(async()=>{const c="AAAAAGpqrQNDI8GsNKOHL4TRkFakDukVuWyANkOUxodC9LfZJ-e6EjkJqIg",</script></body></html>,BAD
ewu.us,data/ewu.us.csv,3,(async()=>{const c="AAAAAGpqrQW-HA6HPGZmXDLGMD8GAvrvuWyANr6bLj0zuX-OL_HI-sHpnZg",</script></body></html>,BAD
ewq.us,data/ewq.us.csv,3,(async()=>{const c="AAAAAGpqrQd6WnuuUIQMEM8K1465VnVluWyANo7FW06jiSPPHp36xCjPN74",</script></body></html>,BAD
ewa.us,data/ewa.us.csv,3,(async()=>{const c="AAAAAGpqrQkHwp8GNMaJKHtoRWPKipVruWyANuSqdZc_zJT9lB6y-0g51qY",</script></body></html>,BAD
ewc.us,data/ewc.us.csv,3,(async()=>{const c="AAAAAGpqrQyvToR1onqlof066KeouIdquWyANjzipPw8uQ5dUeRQBR9WJN8",</script></body></html>,BAD
ewh.us,data/ewh.us.csv,3,(async()=>{const c="AAAAAGpqrQ6lqzYP9u_eypd-q5z_k4bmuWyANpg1nCBARaoys9XXAf0tqTU",</script></body></html>,BAD
ews.us,data/ews.us.csv,3,(async()=>{const c="AAAAAGpqrRD7jy5D6PwfxcBElK9iWbpnuWyANvME8Z44bgS4hdbF2G-m59k",</script></body></html>,BAD
eww.us,data/eww.us.csv,3,(async()=>{const c="AAAAAGpqrRJIwugmhUVy1W-jJYIHBnj9uWyANtGD1vGPId03pWWIIUdaOlE",</script></body></html>,BAD
ewz.us,data/ewz.us.csv,3,(async()=>{const c="AAAAAGpqrRRf4whljR_K8MGZVrqICBS0uWyANrj_LmT0lbXMMxGmg672xmQ",</script></body></html>,BAD
fxi.us,data/fxi.us.csv,3,(async()=>{const c="AAAAAGpqrRb28GSJSXl8Ui7_t6EbLBTauWyANpOuDTn2v7M47nYzCfLZoTE",</script></body></html>,BAD
ewt.us,data/ewt.us.csv,3,(async()=>{const c="AAAAAGpqrRjXPXgQrU88f6b9dDL6ziNpuWyANiCzSy9FiaqVivCqgSpnO7s",</script></body></html>,BAD
ewy.us,data/ewy.us.csv,3,(async()=>{const c="AAAAAGpqrRoUVHm_gEvzCqsSz366wKYyuWyANn0LkqcnSdGywLb65WQjoTs",</script></body></html>,BAD
ewl.us,data/ewl.us.csv,3,(async()=>{const c="AAAAAGpqrRzI1GHjGBIuBTjHDWMKJPSauWyANs4xDMTM_-_0jlG2zkyMslE",</script></body></html>,BAD
ewp.us,data/ewp.us.csv,3,(async()=>{const c="AAAAAGpqrR5gcXbqsqylcVHRais6WmcRuWyANsJ2gX2A2RN6OeZtHh4pEdc",</script></body></html>,BAD
ewi.us,data/ewi.us.csv,3,(async()=>{const c="AAAAAGpqrSDY23phbqdAyqDsu-Ab4sLCuWyANss5JDDfeUCVlxKVdhAmxvU",</script></body></html>,BAD
ewd.us,data/ewd.us.csv,3,(async()=>{const c="AAAAAGpqrSK9dDNVNEz6K_6R7yvUIFQXuWyANtg1SOULkqaE8kYtscxHCUI",</script></body></html>,BAD
ewn.us,data/ewn.us.csv,3,(async()=>{const c="AAAAAGpqrSR19tp0dGU4kStINFV5HDlcuWyANmaOdEN-q1nF2G_S769KNEg",</script></body></html>,BAD
ewo.us,data/ewo.us.csv,3,(async()=>{const c="AAAAAGpqrSYuyhmyCvy193PTsv9TiOTXuWyANsamKrmgY1jMofUhS_DO5AE",</script></body></html>,BAD
ewk.us,data/ewk.us.csv,3,(async()=>{const c="AAAAAGpqrSiUdfvePbkWk4_eJxHkzJrRuWyANrQpTJ6f1jC9gfnVxpoN6DQ",</script></body></html>,BAD
eza.us,data/eza.us.csv,3,(async()=>{const c="AAAAAGpqrSr4BcANy_0_AvYky47H0XcouWyANuQ_vMh4zcrtN2D-UI67OB0",</script></body></html>,BAD
svxy.us,data/svxy.us.csv,3,(async()=>{const c="AAAAAGpqrSy27F6EkXOsY17_BWVg-DEuuWyANjozWYJR1fhJyyjdOy2SiSI",</script></body></html>,BAD
vixy.us,data/vixy.us.csv,3,(async()=>{const c="AAAAAGpqrS9Tn4nLMWFgNflLJ3PE8us8uWyANkMxvBQhWIJCavMHUjldShc",</script></body></html>,BAD
