  round                          name      start        end  excess_cagr  sharpe  bench_sharpe  t_excess  half1_ex  half2_ex  win12  maxdd verdict
round10          TOM+ph ovl 1927-2026 1926-07-02 2026-05-29        0.087   0.823         0.635     9.121    90.617    30.313  0.838 -0.935  ACCEPT
 round9        Mkt + TOM + prehol ovl 1926-07-02 2026-05-29        0.087   0.823         0.635     9.121    90.617    30.313  0.838 -0.935  ACCEPT
round10 TOM ovl+trend armor 1927-2026 1926-07-02 2026-05-29        0.046   0.773         0.635     7.830    15.492     3.547  0.694 -0.857  ACCEPT
round10             TOM ovl 1927-2026 1926-07-02 2026-05-29        0.067   0.765         0.635     7.825    25.071    16.629  0.807 -0.941  ACCEPT
 round9          Mkt + 1x TOM overlay 1926-07-02 2026-05-29        0.067   0.765         0.635     7.825    25.071    16.629  0.807 -0.941  ACCEPT
round10          Prehol ovl 1927-2026 1926-07-02 2026-05-29        0.020   0.718         0.635     6.865     2.595     0.805  0.786 -0.823  ACCEPT
 round9      Mkt + 1x pre-holiday ovl 1926-07-02 2026-05-29        0.020   0.718         0.635     6.865     2.595     0.805  0.786 -0.823  ACCEPT
round10          TOM+ph ovl 1927-1963 1927-01-03 1963-12-31        0.108   0.802         0.523     6.590     2.837    12.068  0.894 -0.935  ACCEPT
round10          TOM+ph ovl 1963-1993 1963-01-02 1993-12-31        0.080   1.030         0.866     5.592     1.119     3.086  0.821 -0.626  ACCEPT
round10             TOM ovl 1927-1963 1927-01-03 1963-12-31        0.078   0.719         0.523     5.490     1.249     6.719  0.874 -0.941  ACCEPT
 round9          IndMom k=8 s=0 f=252 1926-07-01 2026-05-29        0.052   0.827         0.635     5.456    12.129     8.480  0.674 -0.783  ACCEPT
 round9          IndMom cost=5bp/side 1926-07-01 2026-05-29        0.064   0.815         0.635     5.426    25.631    12.549  0.688 -0.764  ACCEPT
round10          IndMom k=8 1927-2026 1926-07-01 2026-05-29        0.052   0.816         0.635     5.410    11.547     8.532  0.677 -0.759  ACCEPT
 round9         IndMom k=8 s=21 f=252 1926-07-01 2026-05-29        0.052   0.816         0.635     5.410    11.547     8.532  0.677 -0.759  ACCEPT
round10         0.3 MOM ovl 1963-1993 1963-01-02 1993-12-31        0.024   1.000         0.866     5.391     0.387     0.400  0.737 -0.423  ACCEPT
 round9          Winners drag=0.0%/yr 1926-11-03 2026-05-29        0.059   0.751         0.634     5.307    19.304     9.745  0.701 -0.797  ACCEPT
round10          Prehol ovl 1927-1963 1927-01-03 1963-12-31        0.029   0.643         0.523     5.252     0.729     0.706  0.862 -0.823  ACCEPT
 round8         H62 Industry mom top5 1926-07-01 2026-05-29        0.060   0.800         0.635     5.157    21.790    10.348  0.678 -0.767  ACCEPT
 round9         IndustryMom 1927-2026 1926-07-01 2026-05-29        0.060   0.800         0.635     5.157    21.790    10.348  0.678 -0.767  ACCEPT
 round9         IndMom cost=10bp/side 1926-07-01 2026-05-29        0.060   0.800         0.635     5.157    21.790    10.348  0.678 -0.767  ACCEPT
round10          Prehol ovl 1963-1993 1963-01-02 1993-12-31        0.019   0.971         0.866     5.143     0.399     0.213  0.862 -0.454  ACCEPT
 round9          IndMom k=5 s=0 f=252 1926-07-01 2026-05-29        0.059   0.801         0.635     5.079    17.493    11.190  0.660 -0.796  ACCEPT
 round9        WinnerDecile 1963-1993 1963-01-02 1993-12-31        0.070   1.034         0.866     4.698     2.786     0.750  0.737 -0.438  ACCEPT
round10             TOM ovl 1963-1993 1963-01-02 1993-12-31        0.060   0.956         0.866     4.636     0.520     2.377  0.767 -0.645  ACCEPT
 round9         IndMom cost=20bp/side 1926-07-01 2026-05-29        0.053   0.770         0.635     4.617    15.687     6.959  0.655 -0.772  ACCEPT
 round9           Winners vol-managed 1927-04-05 2026-05-29        0.057   0.799         0.630     4.566    26.653     5.599  0.632 -0.731  ACCEPT
 round9         IndMom k=3 s=21 f=252 1926-07-01 2026-05-29        0.064   0.744         0.635     4.448    31.633     9.697  0.620 -0.766  ACCEPT
round10         ctrl const-lev (both) 1926-07-01 2026-05-29        0.015   0.581         0.635     4.386     0.781     1.354  0.670 -0.926  ACCEPT
round10      ctrl const-lev (TOM avg) 1926-07-01 2026-05-29        0.014   0.585         0.635     4.386     0.699     1.187  0.672 -0.920  ACCEPT
round10       ctrl const-lev (ph avg) 1926-07-01 2026-05-29        0.002   0.628         0.635     4.386     0.066     0.095  0.679 -0.852  ACCEPT
 round9          IndMom k=3 s=0 f=252 1926-07-01 2026-05-29        0.061   0.743         0.635     4.315    23.547     9.936  0.618 -0.798  ACCEPT
 round8       H60 Winner decile (net) 1926-11-03 2026-05-29        0.041   0.686         0.634     4.057     8.326     3.936  0.638 -0.809  ACCEPT
 round9        WinnerDecile 1927-2026 1926-11-03 2026-05-29        0.041   0.686         0.634     4.057     8.326     3.936  0.638 -0.809  ACCEPT
 round9          Winners drag=1.5%/yr 1926-11-03 2026-05-29        0.041   0.686         0.634     4.057     8.326     3.936  0.638 -0.809  ACCEPT
 round9         IndustryMom 1963-1993 1963-01-02 1993-12-31        0.062   1.058         0.866     3.866     2.549     0.532  0.647 -0.396  ACCEPT
round10         0.3 MOM ovl 1927-2026 1926-07-01 2026-05-29        0.015   0.719         0.635     3.727     1.052     1.058  0.684 -0.802  ACCEPT
 round9         Mkt + 0.3 MOM overlay 1926-07-01 2026-05-29        0.015   0.719         0.635     3.727     1.052     1.058  0.684 -0.802  ACCEPT
 round9       Win+TrendGate 1963-1993 1963-01-02 1993-12-31        0.085   1.424         0.866     3.695     5.094     0.614  0.731 -0.314  ACCEPT
 round9         IndustryMom 1927-1963 1927-01-03 1963-12-31        0.067   0.732         0.523     3.613     3.133     1.895  0.732 -0.767  ACCEPT
 round5        H35b CS mom 12-1 top12 1995-01-03 2026-07-29        0.078   0.873         0.651     3.414     2.661     1.336  0.699 -0.463  ACCEPT
 round9         IndMom k=8 s=21 f=126 1926-07-01 2026-05-29        0.031   0.718         0.635     3.356     6.707     1.262  0.572 -0.783  ACCEPT
round10           SPY + TOM ovl 1993+ 1993-02-02 2026-07-29        0.050   0.689         0.641     3.318     1.101     1.107  0.730 -0.559  ACCEPT
round10         IndMom+gate 1927-2026 1926-07-01 2026-05-29        0.058   1.016         0.635     3.183    56.981     2.585  0.629 -0.397  ACCEPT
 round9           IndMom + trend gate 1926-07-01 2026-05-29        0.058   1.016         0.635     3.183    56.981     2.585  0.629 -0.397  ACCEPT
round10          TOM+ph ovl 2010-2026 2010-01-04 2026-05-29        0.073   0.909         0.852     2.977     0.654     0.654  0.829 -0.369  ACCEPT
 round5          H35 CS mom 12-1 top6 1995-01-03 2026-07-29        0.088   0.801         0.651     2.968     2.282     2.389  0.655 -0.465  ACCEPT
round10          TOM+ph ovl 1993-2010 1993-01-04 2010-12-31        0.065   0.638         0.514     2.820     0.708     0.677  0.740 -0.584  ACCEPT
 round9          Winners drag=3.0%/yr 1926-11-03 2026-05-29        0.024   0.620         0.634     2.807     3.283     1.267  0.575 -0.820  ACCEPT
round10             TOM ovl 2010-2026 2010-01-04 2026-05-29        0.063   0.890         0.852     2.790     0.613     0.487  0.766 -0.369  ACCEPT
round10             TOM ovl 1993-2010 1993-01-04 2010-12-31        0.059   0.628         0.514     2.750     0.696     0.540  0.749 -0.559  ACCEPT
round10           SPY + TOM ovl 2010+ 2010-01-04 2026-07-29        0.055   0.870         0.854     2.581     0.525     0.435  0.740 -0.369  ACCEPT
 round9         IndustryMom 1993-2010 1993-01-04 2010-12-31        0.094   0.798         0.514     2.526     1.496     0.778  0.718 -0.612  ACCEPT
round10          IndMom k=8 1993-2010 1993-01-04 2010-12-31        0.077   0.796         0.514     2.523     1.048     0.678  0.721 -0.597  ACCEPT
 round8      H65 Winners + trend gate 1926-11-03 2026-05-29        0.044   0.861         0.634     2.484    23.642     1.285  0.595 -0.481  ACCEPT
 round9       Win+TrendGate 1927-2026 1926-11-03 2026-05-29        0.044   0.861         0.634     2.484    23.642     1.285  0.595 -0.481  ACCEPT
 round5    H38 CS 1m reversal worst12 1995-01-03 2026-07-29        0.049   0.776         0.651     2.274     0.909     1.064  0.622 -0.585  ACCEPT
 round9        WinnerDecile 1927-1963 1927-01-03 1963-12-31        0.035   0.579         0.523     2.184     0.732     1.137  0.619 -0.809  ACCEPT
 round6        H44 SVXY contango-only 2011-10-05 2026-07-29        0.133   0.795         0.944     2.023     3.956     0.006  0.583 -0.495  ACCEPT
 round4              H32 UPRO + MA200 2009-06-26 2026-07-29        0.094   0.785         0.900     1.985     1.526     0.505  0.589 -0.518  ACCEPT
round10         0.3 MOM ovl 1927-1963 1927-01-03 1963-12-31        0.012   0.587         0.523     1.742     0.127     0.376  0.654 -0.802  ACCEPT
round10           SPY + TOM ovl 2015+ 2015-01-02 2026-07-29        0.041   0.785         0.806     1.733     0.385     0.092  0.722 -0.369  ACCEPT
round10         IndMom+gate 1993-2010 1993-01-04 2010-12-31        0.086   0.997         0.514     1.706     0.975     1.007  0.717 -0.335  ACCEPT
 round9       Win+TrendGate 1927-1963 1927-01-03 1963-12-31        0.046   0.773         0.523     1.562     2.635     0.549  0.590 -0.481  ACCEPT
 round9        WinnerDecile 1993-2010 1993-01-04 2010-12-31        0.039   0.588         0.514     1.532     0.614     0.173  0.599 -0.568  ACCEPT
round10          Prehol ovl 2010-2026 2010-01-04 2026-05-29        0.010   0.879         0.852     1.507     0.028     0.116  0.719 -0.342  ACCEPT
 round9       Win+TrendGate 1993-2010 1993-01-04 2010-12-31        0.038   0.716         0.514     0.785     0.353     0.378  0.594 -0.442 RA-ONLY
 round8           H61 Mkt MA200 1926+ 1926-07-06 2026-05-29        0.011   0.983         0.635     0.122     3.189    -0.329  0.367 -0.336 RA-ONLY
 round8                 H63 TOM 1926+ 1926-07-02 2026-05-29        0.006   1.103         0.635    -0.331     1.385    -0.251  0.476 -0.553 RA-ONLY
 round2              MA300 timing SPY 1993-02-01 2026-07-29       -0.004   0.833         0.642    -0.549     0.479    -0.408  0.323 -0.230 RA-ONLY
 round1             H5 RSI(2) dip-buy 1993-02-01 2026-07-29       -0.044   0.991         0.642    -1.813     0.042    -0.752  0.260 -0.147 RA-ONLY
 round4           H33 3d pullback buy 1993-02-01 2026-07-29       -0.053   0.846         0.642    -2.095    -0.299    -0.724  0.227 -0.121 RA-ONLY
 round8         H64 Pre-holiday 1926+ 1926-07-02 2026-05-29       -0.048   1.732         0.635    -3.581    -0.795    -0.955  0.315 -0.058 RA-ONLY
 round9         IndMom k=3 s=21 f=126 1926-07-01 2026-05-29        0.030   0.616         0.635     2.571     5.316     1.650  0.544 -0.846  REJECT
 round9         IndMom k=5 s=21 f=126 1926-07-01 2026-05-29        0.025   0.650         0.635     2.526     4.542     0.960  0.547 -0.808  REJECT
 round6         H46 calm-uptrend 1.5x 1993-02-01 2026-07-29        0.009   0.643         0.642     1.766    -0.030     0.345  0.545 -0.577  REJECT
 round3       H21 Lever-the-dips 1.5x 1993-02-01 2026-07-29        0.008   0.566         0.642     1.627    -0.127     0.467  0.586 -0.706  REJECT
 round7         H57 SPY + CTA overlay 2000-08-30 2026-07-29        0.012   0.560         0.506     1.482     0.202     0.111  0.540 -0.562  REJECT
round10         0.3 MOM ovl 1993-2010 1993-01-04 2010-12-31        0.017   0.611         0.514     1.343     0.334    -0.006  0.681 -0.482  REJECT
 round1               B1 QQQ buy&hold 1999-03-11 2026-07-29        0.021   0.506         0.516     1.324    -0.039     0.757  0.671 -0.830  REJECT
 round2         VolMgd t=0.20 cap=2.0 1993-02-01 2026-07-29        0.024   0.669         0.642     1.229     0.030     0.963  0.604 -0.660  REJECT
round10 TOM ovl+trend armor 2010-2026 2010-01-04 2026-05-29        0.016   0.795         0.852     1.223     0.137     0.106  0.554 -0.412  REJECT
 round2                   SSO + MA300 2006-06-22 2026-07-29        0.046   0.711         0.645     1.211     0.507     0.485  0.585 -0.416  REJECT
 round6         H40 PUT put-write idx 1994-09-27 2026-07-29        0.060   0.683         0.619     1.116     4.237    -0.461  0.271 -0.372  REJECT
round10          IndMom k=8 2010-2026 2010-01-04 2026-05-29        0.024   0.851         0.852     1.108     0.217     0.155  0.623 -0.344  REJECT
round10       SPY + placebo ovl 1993+ 1993-02-02 2026-07-29        0.002   0.520         0.641     1.037     0.120    -0.065  0.587 -0.707  REJECT
 round9        WinnerDecile 2010-2026 2010-01-04 2026-05-29        0.021   0.727         0.852     0.999     0.155     0.171  0.530 -0.443  REJECT
 round9         IndustryMom 2010-2026 2010-01-04 2026-05-29        0.024   0.801         0.852     0.983     0.157     0.216  0.579 -0.358  REJECT
 round3           H22 VIX-spike -> 2x 2006-06-21 2026-07-29        0.003   0.520         0.647     0.975    -0.248     0.412  0.598 -0.779  REJECT
round10          Prehol ovl 1993-2010 1993-01-04 2010-12-31        0.006   0.531         0.514     0.966     0.010     0.094  0.544 -0.532  REJECT
 round2                   SSO + MA100 2006-06-22 2026-07-29        0.038   0.735         0.645     0.918     0.393     0.410  0.539 -0.349  REJECT
 round1               H10 SSO + MA200 2006-06-22 2026-07-29        0.034   0.702         0.645     0.889     0.276     0.440  0.555 -0.382  REJECT
 round2                   SSO + MA200 2006-06-22 2026-07-29        0.034   0.702         0.645     0.889     0.276     0.440  0.555 -0.382  REJECT
 round2           VolMgd win=40 cap=2 1993-02-01 2026-07-29        0.021   0.722         0.642     0.884     0.519     0.218  0.572 -0.475  REJECT
 round2           VolMgd win=60 cap=2 1993-02-01 2026-07-29        0.019   0.715         0.642     0.844     0.697     0.042  0.582 -0.419  REJECT
 round2                   SSO + MA250 2006-06-22 2026-07-29        0.027   0.660         0.645     0.777     0.213     0.325  0.550 -0.423  REJECT
 round2           VolMgd win=10 cap=2 1993-02-01 2026-07-29        0.019   0.712         0.642     0.774     0.194     0.462  0.583 -0.577  REJECT
round10         0.3 MOM ovl 2010-2026 2010-01-04 2026-05-29        0.009   0.885         0.852     0.724     0.067     0.065  0.651 -0.328  REJECT
 round2                   SSO + MA150 2006-06-22 2026-07-29        0.023   0.664         0.645     0.646     0.241     0.211  0.551 -0.400  REJECT
 round1         H3b Vol-managed [0,2] 1993-02-01 2026-07-29        0.014   0.698         0.642     0.608     0.085     0.420  0.577 -0.566  REJECT
 round2         VolMgd t=0.17 cap=2.0 1993-02-01 2026-07-29        0.014   0.698         0.642     0.608     0.085     0.420  0.577 -0.566  REJECT
 round2           VolMgd win=20 cap=2 1993-02-01 2026-07-29        0.014   0.698         0.642     0.608     0.085     0.420  0.577 -0.566  REJECT
 round1          H9 MTUM momentum B&H 2013-04-19 2026-07-29        0.008   0.804         0.880     0.492     0.145    -0.044  0.616 -0.341  REJECT
 round1            H6 Sector mom top3 1998-12-22 2026-07-29        0.010   0.590         0.527     0.416     0.360    -0.052  0.517 -0.445  REJECT
 round2         SectorMom top3 skip21 1998-12-22 2026-07-29        0.010   0.590         0.527     0.416     0.360    -0.052  0.517 -0.445  REJECT
 round1         H12 SSO turn-of-month 2006-06-22 2026-07-29        0.010   0.646         0.645     0.311     0.773    -0.319  0.466 -0.298  REJECT
 round6     H44b SPY+VIXY tail timing 2011-01-04 2026-07-29        0.006   0.948         0.849     0.310     0.040     0.045  0.397 -0.251  REJECT
 round2         VolMgd t=0.20 cap=1.5 1993-02-01 2026-07-29        0.004   0.665         0.642     0.209    -0.137     0.321  0.590 -0.620  REJECT
 round3      H15 RSP equal-weight B&H 2003-05-02 2026-07-29       -0.000   0.643         0.674     0.191     0.301    -0.234  0.445 -0.599  REJECT
 round2         SectorMom top2 skip21 1998-12-22 2026-07-29        0.002   0.518         0.527     0.163     0.353    -0.227  0.444 -0.495  REJECT
 round6           H47 QQQ/TLT barbell 2002-07-30 2026-07-29        0.009   0.722         0.656     0.149     0.920    -0.369  0.482 -0.448  REJECT
 round3          H16 Country mom top3 1996-03-18 2026-07-29       -0.008   0.494         0.603     0.129     1.129    -0.621  0.457 -0.699  REJECT
 round5         H37 CS 52w-high top12 1995-01-03 2026-07-29        0.006   0.735         0.651     0.114     0.067     0.118  0.589 -0.459  REJECT
 round3       H18 90/60 SPY/TLT stack 2002-07-30 2026-07-29        0.006   0.760         0.656     0.092     0.394    -0.176  0.514 -0.451  REJECT
 round3          H19 SPY/GLD momentum 2004-11-18 2026-07-29        0.006   0.689         0.636     0.091     0.939    -0.416  0.435 -0.311  REJECT
round10         PLACEBO mid-month ovl 1926-07-02 2026-05-29       -0.014   0.460         0.635     0.090    -0.602    -0.362  0.512 -0.902  REJECT
 round2          SectorMom top2 skip0 1998-12-22 2026-07-29       -0.000   0.524         0.527    -0.002     0.070    -0.072  0.436 -0.457  REJECT
 round2          SectorMom top4 skip0 1998-12-22 2026-07-29        0.003   0.572         0.527    -0.015     0.138    -0.056  0.456 -0.453  REJECT
 round3       H23 Trend x VolMgd cap2 1993-02-01 2026-07-29        0.002   0.685         0.642    -0.020     0.053     0.002  0.473 -0.330  REJECT
 round2         VolMgd t=0.15 cap=2.0 1993-02-01 2026-07-29        0.003   0.704         0.642    -0.028     0.073     0.007  0.475 -0.481  REJECT
 round7                H50 GTAA6 top2 2004-11-18 2026-07-29       -0.000   0.722         0.636    -0.144     0.594    -0.377  0.391 -0.329  REJECT
 round2          SectorMom top3 skip0 1998-12-22 2026-07-29       -0.002   0.541         0.527    -0.188     0.021    -0.059  0.444 -0.444  REJECT
 round2         VolMgd t=0.17 cap=1.5 1993-02-01 2026-07-29       -0.001   0.706         0.642    -0.233    -0.097     0.085  0.554 -0.529  REJECT
 round3               H24 QQQ + MA200 1999-03-11 2026-07-29       -0.004   0.545         0.516    -0.237    -0.158     0.077  0.481 -0.575  REJECT
 round4          H25 SVXY when VIX<20 2011-10-05 2026-07-29       -0.101   0.339         0.944    -0.241     0.095    -0.765  0.363 -0.680  REJECT
 round7            H59 Index rotation 2003-09-29 2026-07-29       -0.005   0.680         0.661    -0.251     0.104    -0.181  0.379 -0.300  REJECT
 round2         SectorMom top4 skip21 1998-12-22 2026-07-29       -0.002   0.537         0.527    -0.272     0.107    -0.151  0.436 -0.487  REJECT
 round1          H9b QUAL quality B&H 2013-07-19 2026-07-29       -0.003   0.827         0.848    -0.283     0.034    -0.068  0.456 -0.341  REJECT
 round2      Overnight QQQ (1bp/side) 1999-03-11 2026-07-29       -0.002   0.622         0.516    -0.322     1.390    -0.606  0.328 -0.390  REJECT
 round5       H36 CS low-vol bottom12 1995-01-03 2026-07-29       -0.003   0.791         0.651    -0.469     0.455    -0.361  0.476 -0.351  REJECT
 round7              H53 SMH-lead QQQ 2000-06-06 2026-07-29       -0.014   0.521         0.510    -0.582    -0.356     0.117  0.444 -0.619  REJECT
 round9       Win+TrendGate 2010-2026 2010-01-04 2026-05-29       -0.039   0.588         0.852    -0.644    -0.135    -0.349  0.341 -0.418  REJECT
 round2         VolMgd t=0.15 cap=1.5 1993-02-01 2026-07-29       -0.008   0.727         0.642    -0.646    -0.091    -0.130  0.464 -0.467  REJECT
 round1                 H1b TSMOM 12m 1993-02-01 2026-07-29       -0.008   0.756         0.642    -0.696     0.564    -0.504  0.293 -0.307  REJECT
 round7           H54 Dow-theory veto 2004-01-05 2026-07-29       -0.014   0.784         0.639    -0.763    -0.016    -0.244  0.284 -0.230  REJECT
 round2         VolMgd t=0.13 cap=2.0 1993-02-01 2026-07-29       -0.014   0.695         0.642    -0.812    -0.012    -0.333  0.370 -0.375  REJECT
 round6             H41b BXY 2%OTM cc 1993-02-01 2026-07-29       -0.014   0.617         0.641    -0.936     0.223    -0.470  0.357 -0.450  REJECT
 round7         H56 Contango-only SPY 1993-02-01 2026-07-29       -0.012   0.620         0.642    -1.044     0.000    -0.305  0.135 -0.552  REJECT
 round2         VolMgd t=0.13 cap=1.5 1993-02-01 2026-07-29       -0.017   0.747         0.642    -1.103    -0.115    -0.329  0.354 -0.374  REJECT
 round2         VolMgd t=0.20 cap=1.0 1993-02-01 2026-07-29       -0.012   0.724         0.642    -1.119    -0.163    -0.161  0.290 -0.506  REJECT
 round1              H1a MA200 timing 1993-02-01 2026-07-29       -0.020   0.755         0.642    -1.140     0.025    -0.474  0.206 -0.266  REJECT
 round2              MA200 timing SPY 1993-02-01 2026-07-29       -0.020   0.755         0.642    -1.140     0.025    -0.474  0.206 -0.266  REJECT
round10         IndMom+gate 2010-2026 2010-01-04 2026-05-29       -0.052   0.598         0.852    -1.150    -0.209    -0.411  0.365 -0.335  REJECT
 round2              MA250 timing SPY 1993-02-01 2026-07-29       -0.021   0.735         0.642    -1.157     0.152    -0.536  0.248 -0.246  REJECT
 round7        H55 Corr-regime derisk 1993-02-01 2026-07-29       -0.008   0.692         0.642    -1.181     0.130    -0.300  0.221 -0.391  REJECT
 round1              H7 Dual momentum 2003-09-29 2026-07-29       -0.030   0.585         0.661    -1.192     0.129    -0.526  0.337 -0.359  REJECT
 round6        H45b L/S trend +1/-0.5 1993-02-01 2026-07-29       -0.041   0.527         0.642    -1.209    -0.168    -0.659  0.213 -0.299  REJECT
 round6           H45 L/S trend +1/-1 1993-02-01 2026-07-29       -0.066   0.307         0.642    -1.243    -0.393    -0.792  0.209 -0.431  REJECT
 round1           H8 SPLV low-vol B&H 2011-05-06 2026-07-29       -0.035   0.750         0.841    -1.354     0.036    -0.399  0.349 -0.363  REJECT
 round2                   TOM 5+4 SPY 1993-02-01 2026-07-29       -0.029   0.684         0.642    -1.477     0.177    -0.653  0.353 -0.243  REJECT
 round2              MA150 timing SPY 1993-02-01 2026-07-29       -0.030   0.693         0.642    -1.483    -0.161    -0.521  0.209 -0.335  REJECT
 round1              H4 Turn-of-month 1993-02-01 2026-07-29       -0.033   0.731         0.642    -1.550     0.040    -0.647  0.368 -0.218  REJECT
 round2                   TOM 4+3 SPY 1993-02-01 2026-07-29       -0.033   0.731         0.642    -1.550     0.040    -0.647  0.368 -0.218  REJECT
 round6                H42 CLL collar 2008-08-27 2026-07-29       -0.045   0.567         0.637    -1.557    -0.373    -0.231  0.175 -0.266  REJECT
 round7      H52 Defensive-ratio gate 1998-12-23 2026-07-29       -0.035   0.435         0.526    -1.579    -0.381    -0.339  0.205 -0.501  REJECT
 round1         H3a Vol-managed [0,1] 1993-02-01 2026-07-29       -0.022   0.713         0.642    -1.581    -0.269    -0.296  0.231 -0.466  REJECT
 round2         VolMgd t=0.17 cap=1.0 1993-02-01 2026-07-29       -0.022   0.713         0.642    -1.581    -0.269    -0.296  0.231 -0.466  REJECT
 round3               H17 Sell-in-May 1993-02-01 2026-07-29       -0.031   0.620         0.642    -1.610    -0.168    -0.534  0.278 -0.337  REJECT
 round1          H8b USMV min-vol B&H 2011-10-21 2026-07-29       -0.032   0.894         0.916    -1.641    -0.008    -0.336  0.368 -0.331  REJECT
 round2              MA100 timing SPY 1993-02-01 2026-07-29       -0.035   0.663         0.642    -1.669    -0.310    -0.509  0.179 -0.507  REJECT
 round2         VolMgd t=0.15 cap=1.0 1993-02-01 2026-07-29       -0.026   0.742         0.642    -1.690    -0.260    -0.381  0.189 -0.423  REJECT
 round4             H34 SSO TOM+trend 2006-06-22 2026-07-29       -0.073   0.342         0.645    -1.753    -0.393    -0.581  0.249 -0.236  REJECT
 round3        H20 52w-high proximity 1993-02-01 2026-07-29       -0.039   0.688         0.642    -1.767    -0.326    -0.558  0.174 -0.285  REJECT
 round2         VolMgd t=0.13 cap=1.0 1993-02-01 2026-07-29       -0.029   0.790         0.642    -1.777    -0.268    -0.441  0.226 -0.353  REJECT
 round1             H13 VIX<25 filter 1993-02-01 2026-07-29       -0.041   0.589         0.642    -1.919    -0.464    -0.467  0.186 -0.481  REJECT
 round2                   TOM 3+2 SPY 1993-02-01 2026-07-29       -0.057   0.598         0.642    -2.301    -0.278    -0.763  0.306 -0.190  REJECT
 round6               H43 CNDR condor 1993-02-01 2026-07-29       -0.067   0.567         0.641    -2.541     0.084    -0.885  0.299 -0.209  REJECT
 round6          H41 BXM covered-call 2002-03-25 2026-07-29       -0.039   0.487         0.589    -2.561    -0.132    -0.522  0.243 -0.403  REJECT
 round1      H2a Overnight only (net) 1993-02-01 2026-07-29       -0.062   0.474         0.642    -2.626    -0.266    -0.800  0.249 -0.389  REJECT
 round2      Overnight SPY (1bp/side) 1993-02-01 2026-07-29       -0.062   0.474         0.642    -2.626    -0.266    -0.800  0.249 -0.389  REJECT
 round2                   TOM 2+1 SPY 1993-02-01 2026-07-29       -0.070   0.551         0.642    -2.651    -0.395    -0.814  0.255 -0.182  REJECT
 round4        H29 Credit-regime gate 1993-02-01 2026-07-29       -0.077   0.371         0.642    -2.999    -0.705    -0.700  0.205 -0.402  REJECT
 round4            H28b Breadth-sized 1993-02-01 2026-07-29       -0.066   0.477         0.642    -3.000    -0.684    -0.594  0.115 -0.344  REJECT
 round7          H51 Pre-holiday only 1993-02-01 2026-07-29       -0.087   0.659         0.642    -3.059    -0.589    -0.842  0.194 -0.085  REJECT
 round4         H28 Breadth>=5/9 gate 1993-02-01 2026-07-29       -0.075   0.342         0.642    -3.095    -0.749    -0.622  0.147 -0.447  REJECT
 round8     H60b Loser decile (gross) 1926-11-03 2026-05-29       -0.082   0.196         0.634    -3.169    -0.960    -0.992  0.325 -0.937  REJECT
 round7           H58 Gap fade/follow 1993-02-01 2026-07-29       -0.134  -0.148         0.642    -3.516    -0.731    -0.950  0.182 -0.804  REJECT
 round2    Overnight SPY (2.5bp/side) 1993-02-01 2026-07-29       -0.138  -0.240         0.642    -5.504    -0.793    -0.944  0.124 -0.828  REJECT
 round1       H2b Intraday only (net) 1993-02-01 2026-07-29       -0.150  -0.210         0.642    -8.216    -0.925    -0.897  0.135 -0.827  REJECT

ACCEPT: 65   RA-ONLY: 7   REJECT: 106
