name                      start      end           cagr  bench    exc   shp  bshp    mdd     t    h1ex    h2ex   w12  verdict
-----------------------------------------------------------------------------------------------------------------------------
MA100 timing SPY          1993-02-01 2026-07-29    7.2%  10.7%  -3.5%  0.66  0.64 -50.7% -1.67  -31.0%  -50.9%   18%  REJECT
MA150 timing SPY          1993-02-01 2026-07-29    7.8%  10.7%  -3.0%  0.69  0.64 -33.5% -1.48  -16.1%  -52.1%   21%  REJECT
MA200 timing SPY          1993-02-01 2026-07-29    8.7%  10.7%  -2.0%  0.75  0.64 -26.6% -1.14    2.5%  -47.4%   21%  REJECT
MA250 timing SPY          1993-02-01 2026-07-29    8.7%  10.7%  -2.1%  0.74  0.64 -24.6% -1.16   15.2%  -53.6%   25%  REJECT
MA300 timing SPY          1993-02-01 2026-07-29   10.3%  10.7%  -0.4%  0.83  0.64 -23.0% -0.55   47.9%  -40.8%   32%  RA-ONLY
SSO + MA100               2006-06-22 2026-07-29   15.0%  11.2%   3.8%  0.73  0.64 -34.9%  0.92   39.3%   41.0%   54%  REJECT
SSO + MA150               2006-06-22 2026-07-29   13.5%  11.2%   2.3%  0.66  0.64 -40.0%  0.65   24.1%   21.1%   55%  REJECT
SSO + MA200               2006-06-22 2026-07-29   14.6%  11.2%   3.4%  0.70  0.64 -38.2%  0.89   27.6%   44.0%   56%  REJECT
SSO + MA250               2006-06-22 2026-07-29   13.9%  11.2%   2.7%  0.66  0.64 -42.3%  0.78   21.3%   32.5%   55%  REJECT
SSO + MA300               2006-06-22 2026-07-29   15.8%  11.2%   4.6%  0.71  0.64 -41.6%  1.21   50.7%   48.5%   58%  REJECT
VolMgd t=0.13 cap=1.0     1993-02-01 2026-07-29    7.8%  10.7%  -2.9%  0.79  0.64 -35.3% -1.78  -26.8%  -44.1%   23%  REJECT
VolMgd t=0.13 cap=1.5     1993-02-01 2026-07-29    9.0%  10.7%  -1.7%  0.75  0.64 -37.4% -1.10  -11.5%  -32.9%   35%  REJECT
VolMgd t=0.13 cap=2.0     1993-02-01 2026-07-29    9.4%  10.7%  -1.4%  0.70  0.64 -37.5% -0.81   -1.2%  -33.3%   37%  REJECT
VolMgd t=0.15 cap=1.0     1993-02-01 2026-07-29    8.2%  10.7%  -2.6%  0.74  0.64 -42.3% -1.69  -26.0%  -38.1%   19%  REJECT
VolMgd t=0.15 cap=1.5     1993-02-01 2026-07-29   10.0%  10.7%  -0.8%  0.73  0.64 -46.7% -0.65   -9.1%  -13.0%   46%  REJECT
VolMgd t=0.15 cap=2.0     1993-02-01 2026-07-29   11.0%  10.7%   0.3%  0.70  0.64 -48.1% -0.03    7.3%    0.7%   47%  REJECT
VolMgd t=0.17 cap=1.0     1993-02-01 2026-07-29    8.6%  10.7%  -2.2%  0.71  0.64 -46.6% -1.58  -26.9%  -29.6%   23%  REJECT
VolMgd t=0.17 cap=1.5     1993-02-01 2026-07-29   10.7%  10.7%  -0.1%  0.71  0.64 -52.9% -0.23   -9.7%    8.5%   55%  REJECT
VolMgd t=0.17 cap=2.0     1993-02-01 2026-07-29   12.2%  10.7%   1.4%  0.70  0.64 -56.6%  0.61    8.5%   42.0%   58%  REJECT
VolMgd t=0.20 cap=1.0     1993-02-01 2026-07-29    9.6%  10.7%  -1.2%  0.72  0.64 -50.6% -1.12  -16.3%  -16.1%   29%  REJECT
VolMgd t=0.20 cap=1.5     1993-02-01 2026-07-29   11.2%  10.7%   0.4%  0.66  0.64 -62.0%  0.21  -13.7%   32.1%   59%  REJECT
VolMgd t=0.20 cap=2.0     1993-02-01 2026-07-29   13.1%  10.7%   2.4%  0.67  0.64 -66.0%  1.23    3.0%   96.3%   60%  REJECT
VolMgd win=10 cap=2       1993-02-01 2026-07-29   12.6%  10.7%   1.9%  0.71  0.64 -57.7%  0.77   19.4%   46.2%   58%  REJECT
VolMgd win=20 cap=2       1993-02-01 2026-07-29   12.2%  10.7%   1.4%  0.70  0.64 -56.6%  0.61    8.5%   42.0%   58%  REJECT
VolMgd win=40 cap=2       1993-02-01 2026-07-29   12.8%  10.7%   2.1%  0.72  0.64 -47.5%  0.88   51.9%   21.8%   57%  REJECT
VolMgd win=60 cap=2       1993-02-01 2026-07-29   12.6%  10.7%   1.9%  0.71  0.64 -41.9%  0.84   69.7%    4.2%   58%  REJECT
Overnight SPY (1bp/side)  1993-02-01 2026-07-29    4.6%  10.7%  -6.2%  0.47  0.64 -38.9% -2.63  -26.6%  -80.0%   25%  REJECT
Overnight SPY (2.5bp/side)1993-02-01 2026-07-29   -3.1%  10.7% -13.8% -0.24  0.64 -82.8% -5.50  -79.3%  -94.4%   12%  REJECT
Overnight QQQ (1bp/side)  1999-03-11 2026-07-29    8.2%   8.4%  -0.2%  0.62  0.52 -39.0% -0.32  139.0%  -60.6%   33%  REJECT
TOM 3+2 SPY               1993-02-01 2026-07-29    5.0%  10.7%  -5.7%  0.60  0.64 -19.0% -2.30  -27.8%  -76.3%   31%  REJECT
TOM 4+3 SPY               1993-02-01 2026-07-29    7.5%  10.7%  -3.3%  0.73  0.64 -21.8% -1.55    4.0%  -64.7%   37%  REJECT
TOM 5+4 SPY               1993-02-01 2026-07-29    7.8%  10.7%  -2.9%  0.68  0.64 -24.3% -1.48   17.7%  -65.3%   35%  REJECT
TOM 2+1 SPY               1993-02-01 2026-07-29    3.7%  10.7%  -7.0%  0.55  0.64 -18.2% -2.65  -39.5%  -81.4%   25%  REJECT
SectorMom top2 skip21     1998-12-22 2026-07-29    8.8%   8.6%   0.2%  0.52  0.53 -49.5%  0.16   35.3%  -22.7%   44%  REJECT
SectorMom top2 skip0      1998-12-22 2026-07-29    8.6%   8.6%  -0.0%  0.52  0.53 -45.7% -0.00    7.0%   -7.2%   44%  REJECT
SectorMom top3 skip21     1998-12-22 2026-07-29    9.6%   8.6%   1.0%  0.59  0.53 -44.5%  0.42   36.0%   -5.2%   52%  REJECT
SectorMom top3 skip0      1998-12-22 2026-07-29    8.5%   8.6%  -0.2%  0.54  0.53 -44.4% -0.19    2.1%   -5.9%   44%  REJECT
SectorMom top4 skip21     1998-12-22 2026-07-29    8.4%   8.6%  -0.2%  0.54  0.53 -48.7% -0.27   10.7%  -15.1%   44%  REJECT
SectorMom top4 skip0      1998-12-22 2026-07-29    8.9%   8.6%   0.3%  0.57  0.53 -45.3% -0.01   13.8%   -5.6%   46%  REJECT

SSO + MA200 by 5y block
  2006-2010: +21.9%
  2011-2015: +4.2%
  2016-2020: +24.0%
  2021-2025: +21.8%
  2026-2026: -4.2%

Overnight QQQ by 5y block
  1999-2003: +142.3%
  2004-2008: +28.5%
  2009-2013: -37.0%
  2014-2018: -5.2%
  2019-2023: -43.8%
  2024-2026: -9.9%

saved round2_results.csv
