[exposure] TOM frac=0.320 prehol frac=0.034 placebo frac=0.320
name                      start      end           cagr  bench    exc   shp  bshp    mdd     t    h1ex    h2ex   w12  verdict
-----------------------------------------------------------------------------------------------------------------------------
ctrl const-lev (TOM avg)  1926-07-01 2026-05-29   11.2%   9.9%   1.4%  0.59  0.64 -92.0%  4.39   69.9%  118.7%   67%  ACCEPT
ctrl const-lev (ph avg)   1926-07-01 2026-05-29   10.0%   9.9%   0.2%  0.63  0.64 -85.2%  4.39    6.6%    9.5%   68%  ACCEPT
ctrl const-lev (both)     1926-07-01 2026-05-29   11.4%   9.9%   1.5%  0.58  0.64 -92.6%  4.39   78.1%  135.4%   67%  ACCEPT
PLACEBO mid-month ovl     1926-07-02 2026-05-29    8.4%   9.9%  -1.4%  0.46  0.64 -90.2%  0.09  -60.2%  -36.2%   51%  REJECT
TOM ovl 1927-2026         1926-07-02 2026-05-29   16.5%   9.9%   6.7%  0.77  0.64 -94.1%  7.82 2507.1% 1662.9%   81%  ACCEPT
TOM ovl 1927-1963         1927-01-03 1963-12-31   16.0%   8.3%   7.8%  0.72  0.52 -94.1%  5.49  124.9%  671.9%   87%  ACCEPT
TOM ovl 1963-1993         1963-01-02 1993-12-31   17.0%  10.9%   6.0%  0.96  0.87 -64.5%  4.64   52.0%  237.7%   77%  ACCEPT
TOM ovl 1993-2010         1993-01-04 2010-12-31   14.3%   8.3%   5.9%  0.63  0.51 -55.9%  2.75   69.6%   54.0%   75%  ACCEPT
TOM ovl 2010-2026         2010-01-04 2026-05-29   20.8%  14.5%   6.3%  0.89  0.85 -36.9%  2.79   61.3%   48.7%   77%  ACCEPT
Prehol ovl 1927-2026      1926-07-02 2026-05-29   11.8%   9.9%   2.0%  0.72  0.64 -82.3%  6.87  259.5%   80.5%   79%  ACCEPT
Prehol ovl 1927-1963      1927-01-03 1963-12-31   11.1%   8.3%   2.9%  0.64  0.52 -82.3%  5.25   72.9%   70.6%   86%  ACCEPT
Prehol ovl 1963-1993      1963-01-02 1993-12-31   12.9%  10.9%   1.9%  0.97  0.87 -45.4%  5.14   39.9%   21.3%   86%  ACCEPT
Prehol ovl 1993-2010      1993-01-04 2010-12-31    8.9%   8.3%   0.6%  0.53  0.51 -53.2%  0.97    1.0%    9.4%   54%  REJECT
Prehol ovl 2010-2026      2010-01-04 2026-05-29   15.5%  14.5%   1.0%  0.88  0.85 -34.2%  1.51    2.8%   11.6%   72%  ACCEPT
TOM+ph ovl 1927-2026      1926-07-02 2026-05-29   18.6%   9.9%   8.7%  0.82  0.64 -93.5%  9.12 9061.7% 3031.3%   84%  ACCEPT
TOM+ph ovl 1927-1963      1927-01-03 1963-12-31   19.0%   8.3%  10.8%  0.80  0.52 -93.5%  6.59  283.7% 1206.8%   89%  ACCEPT
TOM+ph ovl 1963-1993      1963-01-02 1993-12-31   19.0%  10.9%   8.0%  1.03  0.87 -62.6%  5.59  111.9%  308.6%   82%  ACCEPT
TOM+ph ovl 1993-2010      1993-01-04 2010-12-31   14.9%   8.3%   6.5%  0.64  0.51 -58.4%  2.82   70.8%   67.7%   74%  ACCEPT
TOM+ph ovl 2010-2026      2010-01-04 2026-05-29   21.7%  14.5%   7.3%  0.91  0.85 -36.9%  2.98   65.4%   65.4%   83%  ACCEPT
TOM ovl+trend armor 1927-20261926-07-02 2026-05-29   14.5%   9.9%   4.6%  0.77  0.64 -85.7%  7.83 1549.2%  354.7%   69%  ACCEPT
TOM ovl+trend armor 2010-20262010-01-04 2026-05-29   16.1%  14.5%   1.6%  0.80  0.85 -41.2%  1.22   13.7%   10.6%   55%  REJECT
0.3 MOM ovl 1927-2026     1926-07-01 2026-05-29   11.4%   9.9%   1.5%  0.72  0.64 -80.2%  3.73  105.2%  105.8%   68%  ACCEPT
0.3 MOM ovl 1927-1963     1927-01-03 1963-12-31    9.4%   8.3%   1.2%  0.59  0.52 -80.2%  1.74   12.7%   37.6%   65%  ACCEPT
0.3 MOM ovl 1963-1993     1963-01-02 1993-12-31   13.3%  10.9%   2.4%  1.00  0.87 -42.3%  5.39   38.7%   40.0%   74%  ACCEPT
0.3 MOM ovl 1993-2010     1993-01-04 2010-12-31   10.1%   8.3%   1.7%  0.61  0.51 -48.2%  1.34   33.4%   -0.6%   68%  REJECT
0.3 MOM ovl 2010-2026     2010-01-04 2026-05-29   15.4%  14.5%   0.9%  0.89  0.85 -32.8%  0.72    6.7%    6.5%   65%  REJECT
IndMom k=8 1927-2026      1926-07-01 2026-05-29   15.0%   9.9%   5.2%  0.82  0.64 -75.9%  5.41 1154.7%  853.2%   68%  ACCEPT
IndMom k=8 1993-2010      1993-01-04 2010-12-31   16.0%   8.3%   7.7%  0.80  0.51 -59.7%  2.52  104.8%   67.8%   72%  ACCEPT
IndMom k=8 2010-2026      2010-01-04 2026-05-29   16.9%  14.5%   2.4%  0.85  0.85 -34.4%  1.11   21.7%   15.5%   62%  REJECT
IndMom+gate 1927-2026     1926-07-01 2026-05-29   15.6%   9.9%   5.8%  1.02  0.64 -39.7%  3.18 5698.1%  258.5%   63%  ACCEPT
IndMom+gate 1993-2010     1993-01-04 2010-12-31   17.0%   8.3%   8.6%  1.00  0.51 -33.5%  1.71   97.5%  100.7%   72%  ACCEPT
IndMom+gate 2010-2026     2010-01-04 2026-05-29    9.3%  14.5%  -5.2%  0.60  0.85 -33.5% -1.15  -20.9%  -41.1%   36%  REJECT
SPY + TOM ovl 1993+       1993-02-02 2026-07-29   15.7%  10.7%   5.0%  0.69  0.64 -55.9%  3.32  110.1%  110.7%   73%  ACCEPT
SPY + TOM ovl 2010+       2010-01-04 2026-07-29   19.6%  14.0%   5.5%  0.87  0.85 -36.9%  2.58   52.5%   43.5%   74%  ACCEPT
SPY + TOM ovl 2015+       2015-01-02 2026-07-29   17.6%  13.5%   4.1%  0.79  0.81 -36.9%  1.73   38.5%    9.2%   72%  ACCEPT
SPY + placebo ovl 1993+   1993-02-02 2026-07-29   10.9%  10.7%   0.2%  0.52  0.64 -70.7%  1.04   12.0%   -6.5%   59%  REJECT
saved round10_results.csv
