[sanity] median |overnight*intraday - cc| = 0.00e+00  (should be ~0)
[sanity] SPY mean daily: cc=4.73bp  overnight=3.99bp  intraday=0.74bp

name                      start      end           cagr  bench    exc   shp  bshp    mdd     t    h1ex    h2ex   w12  verdict
-----------------------------------------------------------------------------------------------------------------------------
B1 QQQ buy&hold           1999-03-11 2026-07-29   10.5%   8.4%   2.1%  0.51  0.52 -83.0%  1.32   -3.9%   75.7%   67%  REJECT
H1a MA200 timing          1993-02-01 2026-07-29    8.7%  10.7%  -2.0%  0.75  0.64 -26.6% -1.14    2.5%  -47.4%   21%  REJECT
H1b TSMOM 12m             1993-02-01 2026-07-29    9.9%  10.7%  -0.8%  0.76  0.64 -30.7% -0.70   56.4%  -50.4%   29%  REJECT
H2a Overnight only (net)  1993-02-01 2026-07-29    4.6%  10.7%  -6.2%  0.47  0.64 -38.9% -2.63  -26.6%  -80.0%   25%  REJECT
H2b Intraday only (net)   1993-02-01 2026-07-29   -4.2%  10.7% -15.0% -0.21  0.64 -82.7% -8.22  -92.5%  -89.7%   14%  REJECT
H3a Vol-managed [0,1]     1993-02-01 2026-07-29    8.6%  10.7%  -2.2%  0.71  0.64 -46.6% -1.58  -26.9%  -29.6%   23%  REJECT
H3b Vol-managed [0,2]     1993-02-01 2026-07-29   12.2%  10.7%   1.4%  0.70  0.64 -56.6%  0.61    8.5%   42.0%   58%  REJECT
H4 Turn-of-month          1993-02-01 2026-07-29    7.5%  10.7%  -3.3%  0.73  0.64 -21.8% -1.55    4.0%  -64.7%   37%  REJECT
H5 RSI(2) dip-buy         1993-02-01 2026-07-29    6.3%  10.7%  -4.4%  0.99  0.64 -14.7% -1.81    4.2%  -75.2%   26%  RA-ONLY
H6 Sector mom top3        1998-12-22 2026-07-29    9.6%   8.6%   1.0%  0.59  0.53 -44.5%  0.42   36.0%   -5.2%   52%  REJECT
H7 Dual momentum          2003-09-29 2026-07-29    8.1%  11.1%  -3.0%  0.58  0.66 -35.9% -1.19   12.9%  -52.6%   34%  REJECT
H8 SPLV low-vol B&H       2011-05-06 2026-07-29   10.3%  13.8%  -3.5%  0.75  0.84 -36.3% -1.35    3.6%  -39.9%   35%  REJECT
H9 MTUM momentum B&H      2013-04-19 2026-07-29   15.2%  14.4%   0.8%  0.80  0.88 -34.1%  0.49   14.5%   -4.4%   62%  REJECT
H9b QUAL quality B&H      2013-07-19 2026-07-29   13.5%  13.8%  -0.3%  0.83  0.85 -34.1% -0.28    3.4%   -6.8%   46%  REJECT
H8b USMV min-vol B&H      2011-10-21 2026-07-29   11.7%  14.9%  -3.2%  0.89  0.92 -33.1% -1.64   -0.8%  -33.6%   37%  REJECT
H10 SSO + MA200           2006-06-22 2026-07-29   14.6%  11.2%   3.4%  0.70  0.64 -38.2%  0.89   27.6%   44.0%   56%  REJECT
H12 SSO turn-of-month     2006-06-22 2026-07-29   12.3%  11.2%   1.0%  0.65  0.64 -29.8%  0.31   77.3%  -31.9%   47%  REJECT
H13 VIX<25 filter         1993-02-01 2026-07-29    6.7%  10.7%  -4.1%  0.59  0.64 -48.1% -1.92  -46.4%  -46.7%   19%  REJECT

saved round1_results.csv
