name                      start      end           cagr  bench    exc   shp  bshp    mdd     t    h1ex    h2ex   w12  verdict
-----------------------------------------------------------------------------------------------------------------------------
WinnerDecile 1927-2026    1926-11-03 2026-05-29   14.0%   9.8%   4.1%  0.69  0.63 -80.9%  4.06  832.6%  393.6%   64%  ACCEPT
WinnerDecile 1927-1963    1927-01-03 1963-12-31   11.7%   8.3%   3.5%  0.58  0.52 -80.9%  2.18   73.2%  113.7%   62%  ACCEPT
WinnerDecile 1963-1993    1963-01-02 1993-12-31   17.9%  10.9%   7.0%  1.03  0.87 -43.8%  4.70  278.6%   75.0%   74%  ACCEPT
WinnerDecile 1993-2010    1993-01-04 2010-12-31   12.3%   8.3%   3.9%  0.59  0.51 -56.8%  1.53   61.4%   17.3%   60%  ACCEPT
WinnerDecile 2010-2026    2010-01-04 2026-05-29   16.6%  14.5%   2.1%  0.73  0.85 -44.3%  1.00   15.5%   17.1%   53%  REJECT
IndustryMom 1927-2026     1926-07-01 2026-05-29   15.9%   9.9%   6.0%  0.80  0.64 -76.7%  5.16 2179.0% 1034.8%   68%  ACCEPT
IndustryMom 1927-1963     1927-01-03 1963-12-31   15.0%   8.3%   6.7%  0.73  0.52 -76.7%  3.61  313.3%  189.5%   73%  ACCEPT
IndustryMom 1963-1993     1963-01-02 1993-12-31   17.2%  10.9%   6.2%  1.06  0.87 -39.6%  3.87  254.9%   53.2%   65%  ACCEPT
IndustryMom 1993-2010     1993-01-04 2010-12-31   17.7%   8.3%   9.4%  0.80  0.51 -61.2%  2.53  149.6%   77.8%   72%  ACCEPT
IndustryMom 2010-2026     2010-01-04 2026-05-29   16.9%  14.5%   2.4%  0.80  0.85 -35.8%  0.98   15.7%   21.6%   58%  REJECT
Win+TrendGate 1927-2026   1926-11-03 2026-05-29   14.2%   9.8%   4.4%  0.86  0.63 -48.1%  2.48 2364.2%  128.5%   60%  ACCEPT
Win+TrendGate 1927-1963   1927-01-03 1963-12-31   12.9%   8.3%   4.6%  0.77  0.52 -48.1%  1.56  263.5%   54.9%   59%  ACCEPT
Win+TrendGate 1963-1993   1963-01-02 1993-12-31   19.4%  10.9%   8.5%  1.42  0.87 -31.4%  3.70  509.4%   61.4%   73%  ACCEPT
Win+TrendGate 1993-2010   1993-01-04 2010-12-31   12.2%   8.3%   3.8%  0.72  0.51 -44.2%  0.78   35.3%   37.8%   59%  RA-ONLY
Win+TrendGate 2010-2026   2010-01-04 2026-05-29   10.5%  14.5%  -3.9%  0.59  0.85 -41.8% -0.64  -13.5%  -34.9%   34%  REJECT
Winners drag=0.0%/yr      1926-11-03 2026-05-29   15.7%   9.8%   5.9%  0.75  0.63 -79.7%  5.31 1930.4%  974.5%   70%  ACCEPT
Winners drag=1.5%/yr      1926-11-03 2026-05-29   14.0%   9.8%   4.1%  0.69  0.63 -80.9%  4.06  832.6%  393.6%   64%  ACCEPT
Winners drag=3.0%/yr      1926-11-03 2026-05-29   12.3%   9.8%   2.4%  0.62  0.63 -82.0%  2.81  328.3%  126.7%   58%  ACCEPT
IndMom cost=5bp/side      1926-07-01 2026-05-29   16.2%   9.9%   6.4%  0.82  0.64 -76.4%  5.43 2563.1% 1254.9%   69%  ACCEPT
IndMom cost=10bp/side     1926-07-01 2026-05-29   15.9%   9.9%   6.0%  0.80  0.64 -76.7%  5.16 2179.0% 1034.8%   68%  ACCEPT
IndMom cost=20bp/side     1926-07-01 2026-05-29   15.1%   9.9%   5.3%  0.77  0.64 -77.2%  4.62 1568.7%  695.9%   66%  ACCEPT
IndMom k=3 s=21 f=252     1926-07-01 2026-05-29   16.2%   9.9%   6.4%  0.74  0.64 -76.6%  4.45 3163.3%  969.7%   62%  ACCEPT
IndMom k=3 s=0 f=252      1926-07-01 2026-05-29   15.9%   9.9%   6.1%  0.74  0.64 -79.8%  4.32 2354.7%  993.6%   62%  ACCEPT
IndMom k=3 s=21 f=126     1926-07-01 2026-05-29   12.9%   9.9%   3.0%  0.62  0.64 -84.6%  2.57  531.6%  165.0%   54%  REJECT
IndMom k=5 s=0 f=252      1926-07-01 2026-05-29   15.7%   9.9%   5.9%  0.80  0.64 -79.6%  5.08 1749.3% 1119.0%   66%  ACCEPT
IndMom k=5 s=21 f=126     1926-07-01 2026-05-29   12.4%   9.9%   2.5%  0.65  0.64 -80.8%  2.53  454.2%   96.0%   55%  REJECT
IndMom k=8 s=21 f=252     1926-07-01 2026-05-29   15.0%   9.9%   5.2%  0.82  0.64 -75.9%  5.41 1154.7%  853.2%   68%  ACCEPT
IndMom k=8 s=0 f=252      1926-07-01 2026-05-29   15.1%   9.9%   5.2%  0.83  0.64 -78.3%  5.46 1212.9%  848.0%   67%  ACCEPT
IndMom k=8 s=21 f=126     1926-07-01 2026-05-29   12.9%   9.9%   3.1%  0.72  0.64 -78.3%  3.36  670.7%  126.2%   57%  ACCEPT
Winners vol-managed       1927-04-05 2026-05-29   15.5%   9.8%   5.7%  0.80  0.63 -73.1%  4.57 2665.3%  559.9%   63%  ACCEPT
Mkt + 1x TOM overlay      1926-07-02 2026-05-29   16.5%   9.9%   6.7%  0.77  0.64 -94.1%  7.82 2507.1% 1662.9%   81%  ACCEPT
Mkt + 1x pre-holiday ovl  1926-07-02 2026-05-29   11.8%   9.9%   2.0%  0.72  0.64 -82.3%  6.87  259.5%   80.5%   79%  ACCEPT
Mkt + TOM + prehol ovl    1926-07-02 2026-05-29   18.6%   9.9%   8.7%  0.82  0.64 -93.5%  9.12 9061.7% 3031.3%   84%  ACCEPT
IndMom + trend gate       1926-07-01 2026-05-29   15.6%   9.9%   5.8%  1.02  0.64 -39.7%  3.18 5698.1%  258.5%   63%  ACCEPT
Mkt + 0.3 MOM overlay     1926-07-01 2026-05-29   11.4%   9.9%   1.5%  0.72  0.64 -80.2%  3.73  105.2%  105.8%   68%  ACCEPT
saved round9_results.csv
